mode: set
github.com/cpepper96/zarf-testing/pkg/exec/exec.go:32.53,36.2 1 0
github.com/cpepper96/zarf-testing/pkg/exec/exec.go:38.113,40.2 1 0
github.com/cpepper96/zarf-testing/pkg/exec/exec.go:42.113,44.2 1 0
github.com/cpepper96/zarf-testing/pkg/exec/exec.go:46.143,48.16 2 0
github.com/cpepper96/zarf-testing/pkg/exec/exec.go:48.16,50.3 1 0
github.com/cpepper96/zarf-testing/pkg/exec/exec.go:52.2,55.16 3 0
github.com/cpepper96/zarf-testing/pkg/exec/exec.go:55.16,57.3 1 0
github.com/cpepper96/zarf-testing/pkg/exec/exec.go:58.2,58.46 1 0
github.com/cpepper96/zarf-testing/pkg/exec/exec.go:61.143,63.16 2 0
github.com/cpepper96/zarf-testing/pkg/exec/exec.go:63.16,65.3 1 0
github.com/cpepper96/zarf-testing/pkg/exec/exec.go:67.2,70.16 3 0
github.com/cpepper96/zarf-testing/pkg/exec/exec.go:70.16,72.3 1 0
github.com/cpepper96/zarf-testing/pkg/exec/exec.go:73.2,73.46 1 0
github.com/cpepper96/zarf-testing/pkg/exec/exec.go:76.87,78.16 2 0
github.com/cpepper96/zarf-testing/pkg/exec/exec.go:78.16,80.3 1 0
github.com/cpepper96/zarf-testing/pkg/exec/exec.go:82.2,83.16 2 0
github.com/cpepper96/zarf-testing/pkg/exec/exec.go:83.16,85.3 1 0
github.com/cpepper96/zarf-testing/pkg/exec/exec.go:87.2,88.16 2 0
github.com/cpepper96/zarf-testing/pkg/exec/exec.go:88.16,90.3 1 0
github.com/cpepper96/zarf-testing/pkg/exec/exec.go:92.2,93.12 2 0
github.com/cpepper96/zarf-testing/pkg/exec/exec.go:93.12,96.22 3 0
github.com/cpepper96/zarf-testing/pkg/exec/exec.go:96.22,98.4 1 0
github.com/cpepper96/zarf-testing/pkg/exec/exec.go:101.2,102.16 2 0
github.com/cpepper96/zarf-testing/pkg/exec/exec.go:102.16,104.3 1 0
github.com/cpepper96/zarf-testing/pkg/exec/exec.go:106.2,107.16 2 0
github.com/cpepper96/zarf-testing/pkg/exec/exec.go:107.16,109.3 1 0
github.com/cpepper96/zarf-testing/pkg/exec/exec.go:111.2,111.12 1 0
github.com/cpepper96/zarf-testing/pkg/exec/exec.go:114.103,116.13 2 0
github.com/cpepper96/zarf-testing/pkg/exec/exec.go:116.13,118.3 1 0
github.com/cpepper96/zarf-testing/pkg/exec/exec.go:119.2,119.16 1 0
github.com/cpepper96/zarf-testing/pkg/exec/exec.go:119.16,121.3 1 0
github.com/cpepper96/zarf-testing/pkg/exec/exec.go:122.2,124.17 2 0
github.com/cpepper96/zarf-testing/pkg/exec/exec.go:129.59,131.16 2 0
github.com/cpepper96/zarf-testing/pkg/exec/exec.go:131.16,133.3 1 0
github.com/cpepper96/zarf-testing/pkg/exec/exec.go:135.2,137.16 3 0
github.com/cpepper96/zarf-testing/pkg/exec/exec.go:137.16,139.3 1 0
github.com/cpepper96/zarf-testing/pkg/exec/exec.go:140.2,141.16 2 0
github.com/cpepper96/zarf-testing/pkg/exec/exec.go:141.16,143.3 1 0
github.com/cpepper96/zarf-testing/pkg/exec/exec.go:145.2,149.16 3 0
github.com/cpepper96/zarf-testing/pkg/exec/exec.go:149.16,151.3 1 0
github.com/cpepper96/zarf-testing/pkg/exec/exec.go:153.2,153.12 1 0
github.com/cpepper96/zarf-testing/pkg/output/formatter.go:55.46,56.26 1 0
github.com/cpepper96/zarf-testing/pkg/output/formatter.go:56.26,58.3 1 0
github.com/cpepper96/zarf-testing/pkg/output/formatter.go:61.2,61.20 1 0
github.com/cpepper96/zarf-testing/pkg/output/formatter.go:61.20,63.3 1 0
github.com/cpepper96/zarf-testing/pkg/output/formatter.go:65.2,68.3 1 0
github.com/cpepper96/zarf-testing/pkg/output/formatter.go:72.62,75.25 2 0
github.com/cpepper96/zarf-testing/pkg/output/formatter.go:76.18,77.42 1 0
github.com/cpepper96/zarf-testing/pkg/output/formatter.go:78.20,79.28 1 0
github.com/cpepper96/zarf-testing/pkg/output/formatter.go:79.28,81.4 1 0
github.com/cpepper96/zarf-testing/pkg/output/formatter.go:81.9,83.4 1 0
github.com/cpepper96/zarf-testing/pkg/output/formatter.go:84.10,86.72 2 0
github.com/cpepper96/zarf-testing/pkg/output/formatter.go:91.60,94.25 2 0
github.com/cpepper96/zarf-testing/pkg/output/formatter.go:95.18,96.40 1 0
github.com/cpepper96/zarf-testing/pkg/output/formatter.go:97.20,98.52 1 0
github.com/cpepper96/zarf-testing/pkg/output/formatter.go:99.10,101.70 2 0
github.com/cpepper96/zarf-testing/pkg/output/formatter.go:106.62,109.25 2 0
github.com/cpepper96/zarf-testing/pkg/output/formatter.go:110.18,111.42 1 0
github.com/cpepper96/zarf-testing/pkg/output/formatter.go:112.20,113.56 1 0
github.com/cpepper96/zarf-testing/pkg/output/formatter.go:114.10,116.76 2 0
github.com/cpepper96/zarf-testing/pkg/output/formatter.go:121.59,124.25 2 0
github.com/cpepper96/zarf-testing/pkg/output/formatter.go:125.18,126.39 1 0
github.com/cpepper96/zarf-testing/pkg/output/formatter.go:127.20,128.56 1 0
github.com/cpepper96/zarf-testing/pkg/output/formatter.go:129.10,131.74 2 0
github.com/cpepper96/zarf-testing/pkg/output/formatter.go:136.63,139.25 2 0
github.com/cpepper96/zarf-testing/pkg/output/formatter.go:140.18,141.43 1 0
github.com/cpepper96/zarf-testing/pkg/output/formatter.go:142.20,143.53 1 0
github.com/cpepper96/zarf-testing/pkg/output/formatter.go:144.10,146.72 2 0
github.com/cpepper96/zarf-testing/pkg/output/formatter.go:151.43,152.25 1 0
github.com/cpepper96/zarf-testing/pkg/output/formatter.go:153.18,154.40 1 0
github.com/cpepper96/zarf-testing/pkg/output/formatter.go:155.20,156.28 1 0
github.com/cpepper96/zarf-testing/pkg/output/formatter.go:156.28,158.4 1 0
github.com/cpepper96/zarf-testing/pkg/output/formatter.go:158.9,160.4 1 0
github.com/cpepper96/zarf-testing/pkg/output/formatter.go:161.10,163.85 2 0
github.com/cpepper96/zarf-testing/pkg/output/formatter.go:168.34,169.62 1 0
github.com/cpepper96/zarf-testing/pkg/output/formatter.go:169.62,171.3 1 0
github.com/cpepper96/zarf-testing/pkg/output/formatter.go:175.79,178.25 2 0
github.com/cpepper96/zarf-testing/pkg/output/formatter.go:179.18,184.40 2 0
github.com/cpepper96/zarf-testing/pkg/output/formatter.go:185.20,186.74 1 0
github.com/cpepper96/zarf-testing/pkg/output/formatter.go:187.10,189.97 2 0
github.com/cpepper96/zarf-testing/pkg/output/formatter.go:194.39,195.35 1 0
github.com/cpepper96/zarf-testing/pkg/output/formatter.go:195.35,197.3 1 0
github.com/cpepper96/zarf-testing/pkg/output/formatter.go:199.2,206.31 4 0
github.com/cpepper96/zarf-testing/pkg/output/formatter.go:210.90,217.17 2 0
github.com/cpepper96/zarf-testing/pkg/output/formatter.go:217.17,219.3 1 0
github.com/cpepper96/zarf-testing/pkg/output/formatter.go:221.2,221.44 1 0
github.com/cpepper96/zarf-testing/pkg/output/formatter.go:233.74,240.2 1 0
github.com/cpepper96/zarf-testing/pkg/output/formatter.go:243.60,246.36 2 0
github.com/cpepper96/zarf-testing/pkg/output/formatter.go:247.18,253.62 2 0
github.com/cpepper96/zarf-testing/pkg/output/formatter.go:254.20,256.114 2 0
github.com/cpepper96/zarf-testing/pkg/output/formatter.go:257.10,265.26 5 0
github.com/cpepper96/zarf-testing/pkg/output/formatter.go:265.26,267.4 1 0
github.com/cpepper96/zarf-testing/pkg/output/formatter.go:272.71,276.2 3 0
github.com/cpepper96/zarf-testing/pkg/output/formatter.go:279.47,281.2 1 0
github.com/cpepper96/zarf-testing/zt/main.go:21.13,23.2 1 0
github.com/cpepper96/zarf-testing/zt/cmd/docGen.go:25.42,35.2 1 0
github.com/cpepper96/zarf-testing/zt/cmd/docGen.go:37.55,41.16 3 0
github.com/cpepper96/zarf-testing/zt/cmd/docGen.go:41.16,43.3 1 0
github.com/cpepper96/zarf-testing/zt/cmd/docGen.go:45.2,46.12 2 0
github.com/cpepper96/zarf-testing/zt/cmd/install.go:30.37,54.2 5 0
github.com/cpepper96/zarf-testing/zt/cmd/install.go:56.43,77.2 6 0
github.com/cpepper96/zarf-testing/zt/cmd/install.go:79.52,86.39 5 0
github.com/cpepper96/zarf-testing/zt/cmd/install.go:87.14,88.29 1 0
github.com/cpepper96/zarf-testing/zt/cmd/install.go:89.16,90.31 1 0
github.com/cpepper96/zarf-testing/zt/cmd/install.go:91.10,92.29 1 0
github.com/cpepper96/zarf-testing/zt/cmd/install.go:95.2,106.16 4 0
github.com/cpepper96/zarf-testing/zt/cmd/install.go:106.16,108.34 2 0
github.com/cpepper96/zarf-testing/zt/cmd/install.go:108.34,110.4 1 0
github.com/cpepper96/zarf-testing/zt/cmd/install.go:111.3,111.61 1 0
github.com/cpepper96/zarf-testing/zt/cmd/install.go:115.2,121.20 5 0
github.com/cpepper96/zarf-testing/zt/cmd/install.go:121.20,123.3 1 0
github.com/cpepper96/zarf-testing/zt/cmd/install.go:124.2,124.20 1 0
github.com/cpepper96/zarf-testing/zt/cmd/install.go:124.20,126.3 1 0
github.com/cpepper96/zarf-testing/zt/cmd/install.go:128.2,128.9 1 0
github.com/cpepper96/zarf-testing/zt/cmd/install.go:128.9,131.17 3 0
github.com/cpepper96/zarf-testing/zt/cmd/install.go:131.17,133.35 2 0
github.com/cpepper96/zarf-testing/zt/cmd/install.go:133.35,135.5 1 0
github.com/cpepper96/zarf-testing/zt/cmd/install.go:136.4,136.57 1 0
github.com/cpepper96/zarf-testing/zt/cmd/install.go:138.3,138.31 1 0
github.com/cpepper96/zarf-testing/zt/cmd/install.go:139.8,139.30 1 0
github.com/cpepper96/zarf-testing/zt/cmd/install.go:139.30,142.32 2 0
github.com/cpepper96/zarf-testing/zt/cmd/install.go:142.32,143.32 1 0
github.com/cpepper96/zarf-testing/zt/cmd/install.go:143.32,145.36 2 0
github.com/cpepper96/zarf-testing/zt/cmd/install.go:145.36,147.6 1 0
github.com/cpepper96/zarf-testing/zt/cmd/install.go:148.5,148.52 1 0
github.com/cpepper96/zarf-testing/zt/cmd/install.go:151.3,151.28 1 0
github.com/cpepper96/zarf-testing/zt/cmd/install.go:152.8,155.17 3 0
github.com/cpepper96/zarf-testing/zt/cmd/install.go:155.17,157.35 2 0
github.com/cpepper96/zarf-testing/zt/cmd/install.go:157.35,159.5 1 0
github.com/cpepper96/zarf-testing/zt/cmd/install.go:160.4,160.65 1 0
github.com/cpepper96/zarf-testing/zt/cmd/install.go:162.3,162.35 1 0
github.com/cpepper96/zarf-testing/zt/cmd/install.go:165.2,165.30 1 0
github.com/cpepper96/zarf-testing/zt/cmd/install.go:165.30,167.34 2 0
github.com/cpepper96/zarf-testing/zt/cmd/install.go:167.34,169.4 1 0
github.com/cpepper96/zarf-testing/zt/cmd/install.go:170.3,170.13 1 0
github.com/cpepper96/zarf-testing/zt/cmd/install.go:173.2,177.16 3 0
github.com/cpepper96/zarf-testing/zt/cmd/install.go:177.16,179.34 2 0
github.com/cpepper96/zarf-testing/zt/cmd/install.go:179.34,181.4 1 0
github.com/cpepper96/zarf-testing/zt/cmd/install.go:182.3,182.62 1 0
github.com/cpepper96/zarf-testing/zt/cmd/install.go:186.2,190.45 3 0
github.com/cpepper96/zarf-testing/zt/cmd/install.go:190.45,195.17 4 0
github.com/cpepper96/zarf-testing/zt/cmd/install.go:195.17,198.12 3 0
github.com/cpepper96/zarf-testing/zt/cmd/install.go:201.3,201.21 1 0
github.com/cpepper96/zarf-testing/zt/cmd/install.go:201.21,203.4 1 0
github.com/cpepper96/zarf-testing/zt/cmd/install.go:203.9,205.53 2 0
github.com/cpepper96/zarf-testing/zt/cmd/install.go:205.53,206.28 1 0
github.com/cpepper96/zarf-testing/zt/cmd/install.go:206.28,208.6 1 0
github.com/cpepper96/zarf-testing/zt/cmd/install.go:210.4,210.26 1 0
github.com/cpepper96/zarf-testing/zt/cmd/install.go:214.2,219.20 4 0
github.com/cpepper96/zarf-testing/zt/cmd/install.go:219.20,221.3 1 0
github.com/cpepper96/zarf-testing/zt/cmd/install.go:221.8,223.3 1 0
github.com/cpepper96/zarf-testing/zt/cmd/install.go:225.2,228.33 2 0
github.com/cpepper96/zarf-testing/zt/cmd/install.go:228.33,229.47 1 0
github.com/cpepper96/zarf-testing/zt/cmd/install.go:229.47,231.4 1 0
github.com/cpepper96/zarf-testing/zt/cmd/install.go:234.2,234.21 1 0
github.com/cpepper96/zarf-testing/zt/cmd/install.go:234.21,236.3 1 0
github.com/cpepper96/zarf-testing/zt/cmd/install.go:238.2,238.12 1 0
github.com/cpepper96/zarf-testing/zt/cmd/lint.go:29.34,54.2 5 0
github.com/cpepper96/zarf-testing/zt/cmd/lint.go:56.40,70.2 4 0
github.com/cpepper96/zarf-testing/zt/cmd/lint.go:72.49,79.39 5 0
github.com/cpepper96/zarf-testing/zt/cmd/lint.go:80.14,81.29 1 0
github.com/cpepper96/zarf-testing/zt/cmd/lint.go:82.16,83.31 1 0
github.com/cpepper96/zarf-testing/zt/cmd/lint.go:84.10,85.29 1 0
github.com/cpepper96/zarf-testing/zt/cmd/lint.go:88.2,99.16 4 0
github.com/cpepper96/zarf-testing/zt/cmd/lint.go:99.16,101.34 2 0
github.com/cpepper96/zarf-testing/zt/cmd/lint.go:101.34,103.4 1 0
github.com/cpepper96/zarf-testing/zt/cmd/lint.go:104.3,104.13 1 0
github.com/cpepper96/zarf-testing/zt/cmd/lint.go:107.2,108.16 2 0
github.com/cpepper96/zarf-testing/zt/cmd/lint.go:108.16,110.3 1 0
github.com/cpepper96/zarf-testing/zt/cmd/lint.go:112.2,113.16 2 0
github.com/cpepper96/zarf-testing/zt/cmd/lint.go:113.16,115.3 1 0
github.com/cpepper96/zarf-testing/zt/cmd/lint.go:117.2,120.23 2 0
github.com/cpepper96/zarf-testing/zt/cmd/lint.go:120.23,124.3 2 0
github.com/cpepper96/zarf-testing/zt/cmd/lint.go:124.8,124.16 1 0
github.com/cpepper96/zarf-testing/zt/cmd/lint.go:124.16,127.17 2 0
github.com/cpepper96/zarf-testing/zt/cmd/lint.go:127.17,129.4 1 0
github.com/cpepper96/zarf-testing/zt/cmd/lint.go:130.3,130.68 1 0
github.com/cpepper96/zarf-testing/zt/cmd/lint.go:131.8,134.17 2 0
github.com/cpepper96/zarf-testing/zt/cmd/lint.go:134.17,136.4 1 0
github.com/cpepper96/zarf-testing/zt/cmd/lint.go:137.3,138.17 2 0
github.com/cpepper96/zarf-testing/zt/cmd/lint.go:138.17,140.4 1 0
github.com/cpepper96/zarf-testing/zt/cmd/lint.go:142.3,143.17 2 0
github.com/cpepper96/zarf-testing/zt/cmd/lint.go:143.17,145.4 1 0
github.com/cpepper96/zarf-testing/zt/cmd/lint.go:147.3,147.28 1 0
github.com/cpepper96/zarf-testing/zt/cmd/lint.go:147.28,150.4 2 0
github.com/cpepper96/zarf-testing/zt/cmd/lint.go:151.3,151.60 1 0
github.com/cpepper96/zarf-testing/zt/cmd/lint.go:155.2,159.16 3 0
github.com/cpepper96/zarf-testing/zt/cmd/lint.go:159.16,161.3 1 0
github.com/cpepper96/zarf-testing/zt/cmd/lint.go:164.2,167.39 2 0
github.com/cpepper96/zarf-testing/zt/cmd/lint.go:167.39,169.3 1 0
github.com/cpepper96/zarf-testing/zt/cmd/lint.go:171.2,172.12 2 0
github.com/cpepper96/zarf-testing/zt/cmd/lintAndInstall.go:23.44,37.2 6 0
github.com/cpepper96/zarf-testing/zt/cmd/lintAndInstall.go:39.59,52.2 3 0
github.com/cpepper96/zarf-testing/zt/cmd/listChanged.go:25.41,39.2 4 0
github.com/cpepper96/zarf-testing/zt/cmd/listChanged.go:41.56,44.16 2 0
github.com/cpepper96/zarf-testing/zt/cmd/listChanged.go:44.16,46.3 1 0
github.com/cpepper96/zarf-testing/zt/cmd/listChanged.go:48.2,49.16 2 0
github.com/cpepper96/zarf-testing/zt/cmd/listChanged.go:49.16,51.3 1 0
github.com/cpepper96/zarf-testing/zt/cmd/listChanged.go:53.2,54.16 2 0
github.com/cpepper96/zarf-testing/zt/cmd/listChanged.go:54.16,56.3 1 0
github.com/cpepper96/zarf-testing/zt/cmd/listChanged.go:59.2,60.16 2 0
github.com/cpepper96/zarf-testing/zt/cmd/listChanged.go:60.16,62.3 1 0
github.com/cpepper96/zarf-testing/zt/cmd/listChanged.go:65.2,65.38 1 0
github.com/cpepper96/zarf-testing/zt/cmd/listChanged.go:65.38,67.3 1 0
github.com/cpepper96/zarf-testing/zt/cmd/listChanged.go:69.2,69.12 1 0
github.com/cpepper96/zarf-testing/zt/cmd/root.go:30.34,55.2 9 0
github.com/cpepper96/zarf-testing/zt/cmd/root.go:58.16,59.47 1 0
github.com/cpepper96/zarf-testing/zt/cmd/root.go:59.47,62.3 2 0
github.com/cpepper96/zarf-testing/zt/cmd/root.go:65.43,85.2 11 0
github.com/cpepper96/zarf-testing/zt/cmd/root.go:87.57,99.2 4 0
github.com/cpepper96/zarf-testing/zt/cmd/version.go:32.37,38.2 1 0
github.com/cpepper96/zarf-testing/zt/cmd/version.go:40.44,45.2 4 0
github.com/cpepper96/zarf-testing/pkg/ignore/ignore.go:28.55,30.39 2 0
github.com/cpepper96/zarf-testing/pkg/ignore/ignore.go:30.39,32.3 1 0
github.com/cpepper96/zarf-testing/pkg/ignore/ignore.go:33.2,33.18 1 0
github.com/cpepper96/zarf-testing/pkg/ignore/ignore.go:33.18,35.3 1 0
github.com/cpepper96/zarf-testing/pkg/ignore/ignore.go:36.2,37.19 2 0
github.com/cpepper96/zarf-testing/pkg/ignore/ignore.go:40.77,42.29 2 1
github.com/cpepper96/zarf-testing/pkg/ignore/ignore.go:42.29,44.3 1 1
github.com/cpepper96/zarf-testing/pkg/ignore/ignore.go:46.2,48.81 2 1
github.com/cpepper96/zarf-testing/pkg/ignore/ignore.go:48.81,49.17 1 1
github.com/cpepper96/zarf-testing/pkg/ignore/ignore.go:49.17,51.4 1 0
github.com/cpepper96/zarf-testing/pkg/ignore/ignore.go:53.3,54.17 2 1
github.com/cpepper96/zarf-testing/pkg/ignore/ignore.go:54.17,56.4 1 0
github.com/cpepper96/zarf-testing/pkg/ignore/ignore.go:59.3,61.17 2 1
github.com/cpepper96/zarf-testing/pkg/ignore/ignore.go:61.17,64.30 1 1
github.com/cpepper96/zarf-testing/pkg/ignore/ignore.go:64.30,66.5 1 1
github.com/cpepper96/zarf-testing/pkg/ignore/ignore.go:67.4,67.14 1 1
github.com/cpepper96/zarf-testing/pkg/ignore/ignore.go:71.3,71.29 1 1
github.com/cpepper96/zarf-testing/pkg/ignore/ignore.go:71.29,73.4 1 1
github.com/cpepper96/zarf-testing/pkg/ignore/ignore.go:75.3,76.13 2 1
github.com/cpepper96/zarf-testing/pkg/ignore/ignore.go:78.2,78.16 1 1
github.com/cpepper96/zarf-testing/pkg/ignore/ignore.go:78.16,80.3 1 0
github.com/cpepper96/zarf-testing/pkg/ignore/ignore.go:82.2,82.27 1 1
github.com/cpepper96/zarf-testing/pkg/tool/account.go:28.74,30.16 2 0
github.com/cpepper96/zarf-testing/pkg/tool/account.go:30.16,32.3 1 0
github.com/cpepper96/zarf-testing/pkg/tool/account.go:33.2,35.16 3 0
github.com/cpepper96/zarf-testing/pkg/tool/account.go:35.16,37.3 1 0
github.com/cpepper96/zarf-testing/pkg/tool/account.go:38.2,38.32 1 0
github.com/cpepper96/zarf-testing/pkg/tool/account.go:38.32,40.3 1 0
github.com/cpepper96/zarf-testing/pkg/tool/account.go:41.2,41.12 1 0
github.com/cpepper96/zarf-testing/pkg/tool/account.go:44.60,48.49 2 1
github.com/cpepper96/zarf-testing/pkg/tool/account.go:48.49,50.48 2 1
github.com/cpepper96/zarf-testing/pkg/tool/account.go:50.48,52.4 1 1
github.com/cpepper96/zarf-testing/pkg/tool/account.go:53.3,53.26 1 1
github.com/cpepper96/zarf-testing/pkg/tool/account.go:55.2,55.34 1 1
github.com/cpepper96/zarf-testing/pkg/tool/cmdexecutor.go:18.71,22.2 1 0
github.com/cpepper96/zarf-testing/pkg/tool/cmdexecutor.go:24.85,27.51 3 1
github.com/cpepper96/zarf-testing/pkg/tool/cmdexecutor.go:27.51,29.3 1 0
github.com/cpepper96/zarf-testing/pkg/tool/cmdexecutor.go:30.2,33.16 3 1
github.com/cpepper96/zarf-testing/pkg/tool/cmdexecutor.go:33.16,35.3 1 0
github.com/cpepper96/zarf-testing/pkg/tool/cmdexecutor.go:36.2,37.38 2 1
github.com/cpepper96/zarf-testing/pkg/tool/git.go:28.44,32.2 1 0
github.com/cpepper96/zarf-testing/pkg/tool/git.go:34.81,38.2 3 0
github.com/cpepper96/zarf-testing/pkg/tool/git.go:40.57,42.2 1 0
github.com/cpepper96/zarf-testing/pkg/tool/git.go:44.48,46.2 1 0
github.com/cpepper96/zarf-testing/pkg/tool/git.go:48.78,51.2 2 0
github.com/cpepper96/zarf-testing/pkg/tool/git.go:53.72,55.2 1 0
github.com/cpepper96/zarf-testing/pkg/tool/git.go:57.86,60.16 2 0
github.com/cpepper96/zarf-testing/pkg/tool/git.go:60.16,62.3 1 0
github.com/cpepper96/zarf-testing/pkg/tool/git.go:63.2,63.35 1 0
github.com/cpepper96/zarf-testing/pkg/tool/git.go:63.35,65.3 1 0
github.com/cpepper96/zarf-testing/pkg/tool/git.go:66.2,66.58 1 0
github.com/cpepper96/zarf-testing/pkg/tool/git.go:69.61,71.2 1 0
github.com/cpepper96/zarf-testing/pkg/tool/git.go:73.41,76.2 2 0
github.com/cpepper96/zarf-testing/pkg/tool/git.go:78.47,81.2 2 0
github.com/cpepper96/zarf-testing/pkg/tool/helm.go:31.95,38.2 1 0
github.com/cpepper96/zarf-testing/pkg/tool/helm.go:40.74,43.39 2 0
github.com/cpepper96/zarf-testing/pkg/tool/helm.go:43.39,46.3 2 0
github.com/cpepper96/zarf-testing/pkg/tool/helm.go:48.2,48.71 1 0
github.com/cpepper96/zarf-testing/pkg/tool/helm.go:51.53,53.2 1 0
github.com/cpepper96/zarf-testing/pkg/tool/helm.go:55.81,57.2 1 0
github.com/cpepper96/zarf-testing/pkg/tool/helm.go:59.69,61.22 2 0
github.com/cpepper96/zarf-testing/pkg/tool/helm.go:61.22,63.3 1 0
github.com/cpepper96/zarf-testing/pkg/tool/helm.go:65.2,65.74 1 0
github.com/cpepper96/zarf-testing/pkg/tool/helm.go:68.106,70.22 2 0
github.com/cpepper96/zarf-testing/pkg/tool/helm.go:70.22,72.3 1 0
github.com/cpepper96/zarf-testing/pkg/tool/helm.go:74.2,75.49 1 0
github.com/cpepper96/zarf-testing/pkg/tool/helm.go:78.106,80.22 2 0
github.com/cpepper96/zarf-testing/pkg/tool/helm.go:80.22,82.3 1 0
github.com/cpepper96/zarf-testing/pkg/tool/helm.go:84.2,85.49 1 0
github.com/cpepper96/zarf-testing/pkg/tool/helm.go:88.60,90.2 1 0
github.com/cpepper96/zarf-testing/pkg/tool/helm.go:92.63,94.121 2 0
github.com/cpepper96/zarf-testing/pkg/tool/helm.go:94.121,96.3 1 0
github.com/cpepper96/zarf-testing/pkg/tool/helm.go:99.41,101.2 1 0
github.com/cpepper96/zarf-testing/pkg/tool/kubectl.go:21.75,26.2 1 0
github.com/cpepper96/zarf-testing/pkg/tool/kubectl.go:29.58,34.2 2 0
github.com/cpepper96/zarf-testing/pkg/tool/kubectl.go:38.52,44.16 4 0
github.com/cpepper96/zarf-testing/pkg/tool/kubectl.go:44.16,46.3 1 0
github.com/cpepper96/zarf-testing/pkg/tool/kubectl.go:48.2,48.31 1 0
github.com/cpepper96/zarf-testing/pkg/tool/kubectl.go:48.31,56.17 4 0
github.com/cpepper96/zarf-testing/pkg/tool/kubectl.go:56.17,58.4 1 0
github.com/cpepper96/zarf-testing/pkg/tool/kubectl.go:61.3,63.32 2 0
github.com/cpepper96/zarf-testing/pkg/tool/kubectl.go:63.32,64.62 1 0
github.com/cpepper96/zarf-testing/pkg/tool/kubectl.go:64.62,66.5 1 0
github.com/cpepper96/zarf-testing/pkg/tool/kubectl.go:71.65,76.16 2 0
github.com/cpepper96/zarf-testing/pkg/tool/kubectl.go:76.16,79.3 2 0
github.com/cpepper96/zarf-testing/pkg/tool/kubectl.go:81.2,83.16 3 0
github.com/cpepper96/zarf-testing/pkg/tool/kubectl.go:83.16,86.3 2 0
github.com/cpepper96/zarf-testing/pkg/tool/kubectl.go:87.2,89.16 3 0
github.com/cpepper96/zarf-testing/pkg/tool/kubectl.go:89.16,92.3 2 0
github.com/cpepper96/zarf-testing/pkg/tool/kubectl.go:95.2,95.30 1 0
github.com/cpepper96/zarf-testing/pkg/tool/kubectl.go:95.30,100.17 4 0
github.com/cpepper96/zarf-testing/pkg/tool/kubectl.go:100.17,103.4 2 0
github.com/cpepper96/zarf-testing/pkg/tool/kubectl.go:104.3,109.46 5 0
github.com/cpepper96/zarf-testing/pkg/tool/kubectl.go:109.46,111.4 1 0
github.com/cpepper96/zarf-testing/pkg/tool/kubectl.go:111.9,111.46 1 0
github.com/cpepper96/zarf-testing/pkg/tool/kubectl.go:111.46,113.4 1 0
github.com/cpepper96/zarf-testing/pkg/tool/kubectl.go:115.3,115.13 1 0
github.com/cpepper96/zarf-testing/pkg/tool/kubectl.go:118.2,119.16 2 0
github.com/cpepper96/zarf-testing/pkg/tool/kubectl.go:119.16,121.3 1 0
github.com/cpepper96/zarf-testing/pkg/tool/kubectl.go:124.2,130.16 3 0
github.com/cpepper96/zarf-testing/pkg/tool/kubectl.go:130.16,133.3 2 0
github.com/cpepper96/zarf-testing/pkg/tool/kubectl.go:135.2,140.16 3 0
github.com/cpepper96/zarf-testing/pkg/tool/kubectl.go:140.16,143.3 2 0
github.com/cpepper96/zarf-testing/pkg/tool/kubectl.go:145.2,145.12 1 0
github.com/cpepper96/zarf-testing/pkg/tool/kubectl.go:148.78,153.16 2 0
github.com/cpepper96/zarf-testing/pkg/tool/kubectl.go:153.16,155.3 1 0
github.com/cpepper96/zarf-testing/pkg/tool/kubectl.go:157.2,158.41 2 0
github.com/cpepper96/zarf-testing/pkg/tool/kubectl.go:158.41,163.17 3 0
github.com/cpepper96/zarf-testing/pkg/tool/kubectl.go:163.17,165.4 1 0
github.com/cpepper96/zarf-testing/pkg/tool/kubectl.go:172.3,176.17 2 0
github.com/cpepper96/zarf-testing/pkg/tool/kubectl.go:176.17,178.4 1 0
github.com/cpepper96/zarf-testing/pkg/tool/kubectl.go:179.3,179.46 1 0
github.com/cpepper96/zarf-testing/pkg/tool/kubectl.go:179.46,181.4 1 0
github.com/cpepper96/zarf-testing/pkg/tool/kubectl.go:184.2,184.12 1 0
github.com/cpepper96/zarf-testing/pkg/tool/kubectl.go:187.94,193.16 4 0
github.com/cpepper96/zarf-testing/pkg/tool/kubectl.go:193.16,195.3 1 0
github.com/cpepper96/zarf-testing/pkg/tool/kubectl.go:197.2,201.39 5 0
github.com/cpepper96/zarf-testing/pkg/tool/kubectl.go:201.39,202.15 1 0
github.com/cpepper96/zarf-testing/pkg/tool/kubectl.go:202.15,204.4 1 0
github.com/cpepper96/zarf-testing/pkg/tool/kubectl.go:205.3,205.42 1 0
github.com/cpepper96/zarf-testing/pkg/tool/kubectl.go:208.2,208.112 1 0
github.com/cpepper96/zarf-testing/pkg/tool/kubectl.go:211.60,216.16 4 0
github.com/cpepper96/zarf-testing/pkg/tool/kubectl.go:216.16,218.3 1 0
github.com/cpepper96/zarf-testing/pkg/tool/kubectl.go:219.2,219.34 1 0
github.com/cpepper96/zarf-testing/pkg/tool/kubectl.go:222.52,226.2 1 0
github.com/cpepper96/zarf-testing/pkg/tool/kubectl.go:228.66,232.2 1 0
github.com/cpepper96/zarf-testing/pkg/tool/kubectl.go:234.77,238.2 1 0
github.com/cpepper96/zarf-testing/pkg/tool/kubectl.go:240.84,242.2 1 0
github.com/cpepper96/zarf-testing/pkg/tool/kubectl.go:244.80,246.2 1 0
github.com/cpepper96/zarf-testing/pkg/tool/kubectl.go:248.54,252.16 2 0
github.com/cpepper96/zarf-testing/pkg/tool/kubectl.go:252.16,255.3 2 0
github.com/cpepper96/zarf-testing/pkg/tool/kubectl.go:257.2,257.13 1 0
github.com/cpepper96/zarf-testing/pkg/tool/linter.go:23.50,27.2 1 0
github.com/cpepper96/zarf-testing/pkg/tool/linter.go:29.68,31.2 1 0
github.com/cpepper96/zarf-testing/pkg/tool/linter.go:33.66,35.2 1 0
github.com/cpepper96/zarf-testing/pkg/util/util.go:160.53,162.2 1 1
github.com/cpepper96/zarf-testing/pkg/util/util.go:164.13,166.2 1 1
github.com/cpepper96/zarf-testing/pkg/util/util.go:168.70,171.27 2 1
github.com/cpepper96/zarf-testing/pkg/util/util.go:172.14,173.29 1 1
github.com/cpepper96/zarf-testing/pkg/util/util.go:174.16,175.32 1 1
github.com/cpepper96/zarf-testing/pkg/util/util.go:176.21,177.26 1 1
github.com/cpepper96/zarf-testing/pkg/util/util.go:177.26,179.18 2 1
github.com/cpepper96/zarf-testing/pkg/util/util.go:179.18,181.5 1 1
github.com/cpepper96/zarf-testing/pkg/util/util.go:183.10,184.59 1 1
github.com/cpepper96/zarf-testing/pkg/util/util.go:187.2,187.20 1 1
github.com/cpepper96/zarf-testing/pkg/util/util.go:190.57,191.32 1 0
github.com/cpepper96/zarf-testing/pkg/util/util.go:191.32,192.19 1 0
github.com/cpepper96/zarf-testing/pkg/util/util.go:192.19,194.4 1 0
github.com/cpepper96/zarf-testing/pkg/util/util.go:196.2,196.14 1 0
github.com/cpepper96/zarf-testing/pkg/util/util.go:199.35,200.41 1 0
github.com/cpepper96/zarf-testing/pkg/util/util.go:200.41,202.3 1 0
github.com/cpepper96/zarf-testing/pkg/util/util.go:203.2,203.13 1 0
github.com/cpepper96/zarf-testing/pkg/util/util.go:207.38,210.23 3 0
github.com/cpepper96/zarf-testing/pkg/util/util.go:210.23,212.3 1 0
github.com/cpepper96/zarf-testing/pkg/util/util.go:213.2,213.22 1 0
github.com/cpepper96/zarf-testing/pkg/util/util.go:219.104,221.16 2 0
github.com/cpepper96/zarf-testing/pkg/util/util.go:221.16,223.3 1 0
github.com/cpepper96/zarf-testing/pkg/util/util.go:224.2,225.32 2 0
github.com/cpepper96/zarf-testing/pkg/util/util.go:225.32,227.17 2 0
github.com/cpepper96/zarf-testing/pkg/util/util.go:227.17,229.4 1 0
github.com/cpepper96/zarf-testing/pkg/util/util.go:230.3,230.38 1 0
github.com/cpepper96/zarf-testing/pkg/util/util.go:233.2,234.32 2 0
github.com/cpepper96/zarf-testing/pkg/util/util.go:234.32,237.32 3 0
github.com/cpepper96/zarf-testing/pkg/util/util.go:237.32,239.4 1 0
github.com/cpepper96/zarf-testing/pkg/util/util.go:242.2,242.18 1 0
github.com/cpepper96/zarf-testing/pkg/util/util.go:247.79,248.37 1 0
github.com/cpepper96/zarf-testing/pkg/util/util.go:248.37,250.7 2 0
github.com/cpepper96/zarf-testing/pkg/util/util.go:250.7,257.53 4 0
github.com/cpepper96/zarf-testing/pkg/util/util.go:257.53,259.5 1 0
github.com/cpepper96/zarf-testing/pkg/util/util.go:261.4,264.68 4 0
github.com/cpepper96/zarf-testing/pkg/util/util.go:264.68,265.10 1 0
github.com/cpepper96/zarf-testing/pkg/util/util.go:269.2,269.45 1 0
github.com/cpepper96/zarf-testing/pkg/util/util.go:275.52,277.16 2 0
github.com/cpepper96/zarf-testing/pkg/util/util.go:277.16,279.3 1 0
github.com/cpepper96/zarf-testing/pkg/util/util.go:280.2,280.38 1 0
github.com/cpepper96/zarf-testing/pkg/util/util.go:285.63,287.61 2 0
github.com/cpepper96/zarf-testing/pkg/util/util.go:287.61,289.3 1 0
github.com/cpepper96/zarf-testing/pkg/util/util.go:290.2,290.23 1 0
github.com/cpepper96/zarf-testing/pkg/util/util.go:296.51,298.16 2 0
github.com/cpepper96/zarf-testing/pkg/util/util.go:298.16,300.3 1 0
github.com/cpepper96/zarf-testing/pkg/util/util.go:301.2,301.37 1 0
github.com/cpepper96/zarf-testing/pkg/util/util.go:306.61,308.60 2 0
github.com/cpepper96/zarf-testing/pkg/util/util.go:308.60,310.3 1 0
github.com/cpepper96/zarf-testing/pkg/util/util.go:311.2,311.22 1 0
github.com/cpepper96/zarf-testing/pkg/util/util.go:314.62,316.16 2 1
github.com/cpepper96/zarf-testing/pkg/util/util.go:316.16,318.3 1 0
github.com/cpepper96/zarf-testing/pkg/util/util.go:319.2,320.16 2 1
github.com/cpepper96/zarf-testing/pkg/util/util.go:320.16,322.3 1 0
github.com/cpepper96/zarf-testing/pkg/util/util.go:323.2,323.47 1 1
github.com/cpepper96/zarf-testing/pkg/util/util.go:326.69,328.16 2 1
github.com/cpepper96/zarf-testing/pkg/util/util.go:328.16,330.3 1 1
github.com/cpepper96/zarf-testing/pkg/util/util.go:331.2,332.16 2 1
github.com/cpepper96/zarf-testing/pkg/util/util.go:332.16,334.3 1 1
github.com/cpepper96/zarf-testing/pkg/util/util.go:336.2,337.30 2 1
github.com/cpepper96/zarf-testing/pkg/util/util.go:337.30,339.3 1 1
github.com/cpepper96/zarf-testing/pkg/util/util.go:340.2,341.16 2 1
github.com/cpepper96/zarf-testing/pkg/util/util.go:341.16,343.3 1 0
github.com/cpepper96/zarf-testing/pkg/util/util.go:345.2,346.22 2 1
github.com/cpepper96/zarf-testing/pkg/util/util.go:346.22,348.3 1 1
github.com/cpepper96/zarf-testing/pkg/util/util.go:350.2,350.20 1 1
github.com/cpepper96/zarf-testing/pkg/util/util.go:353.68,355.2 1 0
github.com/cpepper96/zarf-testing/pkg/util/util.go:357.51,359.2 1 0
github.com/cpepper96/zarf-testing/pkg/util/util.go:361.35,363.2 1 0
github.com/cpepper96/zarf-testing/pkg/util/util.go:365.51,370.16 4 1
github.com/cpepper96/zarf-testing/pkg/util/util.go:370.16,372.3 1 1
github.com/cpepper96/zarf-testing/pkg/util/util.go:373.2,373.41 1 1
github.com/cpepper96/zarf-testing/pkg/util/util.go:376.35,379.16 3 0
github.com/cpepper96/zarf-testing/pkg/util/util.go:379.16,381.3 1 0
github.com/cpepper96/zarf-testing/pkg/util/util.go:383.2,383.49 1 0
